../libs/GUI_Paint.c:92:6:Paint_NewImage	24	static
../libs/GUI_Paint.c:117:6:Paint_SetClearFuntion	16	static
../libs/GUI_Paint.c:126:6:Paint_SetDisplayFuntion	16	static
../libs/GUI_Paint.c:136:6:Paint_SetRotate	16	static
../libs/GUI_Paint.c:152:6:Paint_SetMirroring	16	static
../libs/GUI_Paint.c:172:6:Paint_SetPixel	24	static
../libs/GUI_Paint.c:234:6:Paint_Clear	16	static
../libs/GUI_Paint.c:247:6:Paint_ClearWindows	32	static
../libs/GUI_Paint.c:265:6:Paint_DrawPoint	32	static
../libs/GUI_Paint.c:301:6:Paint_DrawLine	64	static
../libs/GUI_Paint.c:358:6:Paint_DrawRectangle	48	static
../libs/GUI_Paint.c:390:6:Paint_DrawCircle	40	static
../libs/GUI_Paint.c:459:6:Paint_DrawChar	40	static
../libs/GUI_Paint.c:508:6:Paint_DrawString_EN	40	static
../libs/GUI_Paint.c:553:6:Paint_DrawString_CN	56	static
../libs/GUI_Paint.c:648:6:Paint_DrawNum	560	static
../libs/GUI_Paint.c:687:6:Paint_DrawFloatNum	312	static
../libs/GUI_Paint.c:713:6:Paint_DrawTime	48	static
../libs/GUI_Paint.c:740:6:Paint_DrawImage	40	static
